// Jest Snapshot v1, https://goo.gl/fbAQLP

exports[`AssemblyItem renders correctly with valid props 1`] = `
<li
  key="assembly-Souvlaki"
>
  <div
    className="listItem js-assembly-1"
  >
    <div
      className="listItem-hd"
    >
      <h2
        className="hdg hdg_2"
        onClick={[Function]}
      >
        Souvlaki
      </h2>
      <div>
        <button
          className="btn btn-toggle"
          onClick={[Function]}
          type="button"
        >
          Add to order
        </button>
      </div>
    </div>
    <div
      className="listItem-ft"
    >
      <ul
        className="stereo"
      >
        <li>
          Items:
          1
        </li>
        <li>
          <a
            className="link"
            href="/assemblies/1/edit"
          >
            Edit Assembly
          </a>
        </li>
      </ul>
    </div>
  </div>
  <ul
    className="vlist vlist-short u-isVisuallyHidden"
  >
    <li
      className="listItem listItem-child js-assemblyItem-1"
      key="assemblyItem-0"
    >
      <div
        className="listItem-hd"
      >
        <h3
          className="hdg"
        >
          Agave Syrup
        </h3>
      </div>
      <div
        className="listItem-ft"
      >
        <ul
          className="stereo"
        >
          <li>
            Bakery
          </li>
          <li>
            <button
              className="btn btn-toggle"
              data-assembly-item-id={1}
              data-department-id={3}
              data-item-id={13}
              data-item-name="Agave Syrup"
              onClick={[Function]}
              type="button"
            >
              Add to order
            </button>
          </li>
        </ul>
      </div>
    </li>
  </ul>
</li>
`;
