// Jest Snapshot v1, https://goo.gl/fbAQLP

exports[`AssemblyPage renders correctly with valid props 1`] = `
<AssemblyItemList
  assemblies={
    Array [
      Object {
        "created_at": "2019-07-29T22:49:47.431Z",
        "id": 1,
        "name": "Souvlaki",
        "updated_at": "2019-07-29T22:49:47.431Z",
      },
      Object {
        "created_at": "2019-07-29T22:49:47.519Z",
        "id": 2,
        "name": "Chilli con Carne",
        "updated_at": "2019-07-29T22:49:47.519Z",
      },
    ]
  }
  assemblyItemsGroupedByAssemblyId={Object {}}
  csrf="3yIq75tyV791TFkzSZo/S4b+TVa/N5J3dI14PzMUPviGViEGeDSnGnvNix+MaB0RB0XuV7bpX8I3SmIEAr4/zQ=="
  departmentIdMap={
    Object {
      "3": Object {
        "created_at": "2019-07-21T16:03:32.883Z",
        "id": 3,
        "name": "Bakery",
        "updated_at": "2019-07-21T16:03:32.883Z",
      },
      "5": Object {
        "created_at": "2019-07-21T16:03:32.883Z",
        "id": 5,
        "name": "Meat",
        "updated_at": "2019-07-21T16:03:32.883Z",
      },
    }
  }
  itemIdMap={
    Object {
      "13": Object {
        "created_at": "2019-07-21T16:03:33.162Z",
        "department_id": 3,
        "id": 13,
        "name": "Agave Syrup",
        "updated_at": "2019-07-21T16:03:33.162Z",
      },
      "15": Object {
        "created_at": "2019-07-21T16:03:33.162Z",
        "department_id": 5,
        "id": 15,
        "name": "Agave Syrup",
        "updated_at": "2019-07-21T16:03:33.162Z",
      },
    }
  }
/>
`;
